+ ./tests/runtests.py --verbosity 2 --settings=test_sqlite --parallel 1 dbshell.test_mysql
Testing against Django installed in '/testbed/django'
Importing application dbshell
Found 9 tests.
Skipping setup of unused database(s): default, other.
System check identified no issues (0 silenced).

test_basic_params_specified_in_settings (dbshell.test_mysql.MySqlDbshellCommandTestCase) ... ERROR
test_can_connect_using_sockets (dbshell.test_mysql.MySqlDbshellCommandTestCase) ... ERROR
test_crash_password_does_not_leak (dbshell.test_mysql.MySqlDbshellCommandTestCase) ... ERROR
test_fails_with_keyerror_on_incomplete_config (dbshell.test_mysql.MySqlDbshellCommandTestCase) ... ERROR
test_options_charset (dbshell.test_mysql.MySqlDbshellCommandTestCase) ... ERROR
test_options_non_deprecated_keys_preferred (dbshell.test_mysql.MySqlDbshellCommandTestCase) ... ERROR
test_options_override_settings_proper_values (dbshell.test_mysql.MySqlDbshellCommandTestCase) ... test_parameters (dbshell.test_mysql.MySqlDbshellCommandTestCase) ... ERROR
test_ssl_certificate_is_added (dbshell.test_mysql.MySqlDbshellCommandTestCase) ... ERROR

======================================================================
ERROR: test_basic_params_specified_in_settings (dbshell.test_mysql.MySqlDbshellCommandTestCase)
----------------------------------------------------------------------
Traceback (most recent call last):
  File "/testbed/tests/dbshell/test_mysql.py", line 30, in test_basic_params_specified_in_settings
    self.settings_to_cmd_args_env({
  File "/testbed/tests/dbshell/test_mysql.py", line 11, in settings_to_cmd_args_env
    from django.db.backends.mysql.client import DatabaseClient
ImportError: cannot import name 'DatabaseClient' from 'django.db.backends.mysql.client' (/testbed/django/db/backends/mysql/client.py)

======================================================================
ERROR: test_can_connect_using_sockets (dbshell.test_mysql.MySqlDbshellCommandTestCase)
----------------------------------------------------------------------
Traceback (most recent call last):
  File "/testbed/tests/dbshell/test_mysql.py", line 131, in test_can_connect_using_sockets
    self.settings_to_cmd_args_env({
  File "/testbed/tests/dbshell/test_mysql.py", line 11, in settings_to_cmd_args_env
    from django.db.backends.mysql.client import DatabaseClient
ImportError: cannot import name 'DatabaseClient' from 'django.db.backends.mysql.client' (/testbed/django/db/backends/mysql/client.py)

======================================================================
ERROR: test_crash_password_does_not_leak (dbshell.test_mysql.MySqlDbshellCommandTestCase)
----------------------------------------------------------------------
Traceback (most recent call last):
  File "/testbed/tests/dbshell/test_mysql.py", line 191, in test_crash_password_does_not_leak
    from django.db.backends.mysql.client import DatabaseClient
ImportError: cannot import name 'DatabaseClient' from 'django.db.backends.mysql.client' (/testbed/django/db/backends/mysql/client.py)

======================================================================
ERROR: test_fails_with_keyerror_on_incomplete_config (dbshell.test_mysql.MySqlDbshellCommandTestCase)
----------------------------------------------------------------------
Traceback (most recent call last):
  File "/testbed/tests/dbshell/test_mysql.py", line 18, in test_fails_with_keyerror_on_incomplete_config
    self.settings_to_cmd_args_env({})
  File "/testbed/tests/dbshell/test_mysql.py", line 11, in settings_to_cmd_args_env
    from django.db.backends.mysql.client import DatabaseClient
ImportError: cannot import name 'DatabaseClient' from 'django.db.backends.mysql.client' (/testbed/django/db/backends/mysql/client.py)

======================================================================
ERROR: test_options_charset (dbshell.test_mysql.MySqlDbshellCommandTestCase)
----------------------------------------------------------------------
Traceback (most recent call last):
  File "/testbed/tests/dbshell/test_mysql.py", line 111, in test_options_charset
    self.settings_to_cmd_args_env({
  File "/testbed/tests/dbshell/test_mysql.py", line 11, in settings_to_cmd_args_env
    from django.db.backends.mysql.client import DatabaseClient
ImportError: cannot import name 'DatabaseClient' from 'django.db.backends.mysql.client' (/testbed/django/db/backends/mysql/client.py)

======================================================================
ERROR: test_options_non_deprecated_keys_preferred (dbshell.test_mysql.MySqlDbshellCommandTestCase)
----------------------------------------------------------------------
Traceback (most recent call last):
  File "/testbed/tests/dbshell/test_mysql.py", line 84, in test_options_non_deprecated_keys_preferred
    self.settings_to_cmd_args_env({
  File "/testbed/tests/dbshell/test_mysql.py", line 11, in settings_to_cmd_args_env
    from django.db.backends.mysql.client import DatabaseClient
ImportError: cannot import name 'DatabaseClient' from 'django.db.backends.mysql.client' (/testbed/django/db/backends/mysql/client.py)

======================================================================
ERROR: test_options_override_settings_proper_values (dbshell.test_mysql.MySqlDbshellCommandTestCase) (keys=('database', 'password'))
----------------------------------------------------------------------
Traceback (most recent call last):
  File "/testbed/tests/dbshell/test_mysql.py", line 57, in test_options_override_settings_proper_values
    self.settings_to_cmd_args_env({
  File "/testbed/tests/dbshell/test_mysql.py", line 11, in settings_to_cmd_args_env
    from django.db.backends.mysql.client import DatabaseClient
ImportError: cannot import name 'DatabaseClient' from 'django.db.backends.mysql.client' (/testbed/django/db/backends/mysql/client.py)

======================================================================
ERROR: test_options_override_settings_proper_values (dbshell.test_mysql.MySqlDbshellCommandTestCase) (keys=('db', 'passwd'))
----------------------------------------------------------------------
Traceback (most recent call last):
  File "/testbed/tests/dbshell/test_mysql.py", line 57, in test_options_override_settings_proper_values
    self.settings_to_cmd_args_env({
  File "/testbed/tests/dbshell/test_mysql.py", line 11, in settings_to_cmd_args_env
    from django.db.backends.mysql.client import DatabaseClient
ImportError: cannot import name 'DatabaseClient' from 'django.db.backends.mysql.client' (/testbed/django/db/backends/mysql/client.py)

======================================================================
ERROR: test_parameters (dbshell.test_mysql.MySqlDbshellCommandTestCase)
----------------------------------------------------------------------
Traceback (most recent call last):
  File "/testbed/tests/dbshell/test_mysql.py", line 174, in test_parameters
    self.settings_to_cmd_args_env(
  File "/testbed/tests/dbshell/test_mysql.py", line 11, in settings_to_cmd_args_env
    from django.db.backends.mysql.client import DatabaseClient
ImportError: cannot import name 'DatabaseClient' from 'django.db.backends.mysql.client' (/testbed/django/db/backends/mysql/client.py)

======================================================================
ERROR: test_ssl_certificate_is_added (dbshell.test_mysql.MySqlDbshellCommandTestCase)
----------------------------------------------------------------------
Traceback (most recent call last):
  File "/testbed/tests/dbshell/test_mysql.py", line 155, in test_ssl_certificate_is_added
    self.settings_to_cmd_args_env({
  File "/testbed/tests/dbshell/test_mysql.py", line 11, in settings_to_cmd_args_env
    from django.db.backends.mysql.client import DatabaseClient
ImportError: cannot import name 'DatabaseClient' from 'django.db.backends.mysql.client' (/testbed/django/db/backends/mysql/client.py)

----------------------------------------------------------------------
Ran 9 tests in 0.004s

FAILED (errors=10)
